*logboek/
&nbsp;&nbsp;- css/
&nbsp;&nbsp;&nbsp;&nbsp;- bootstrap-theme.css  
&nbsp;&nbsp;&nbsp;&nbsp;- bootstrap-theme.css.map  
&nbsp;&nbsp;&nbsp;&nbsp;- bootstrap-theme.min.css  
&nbsp;&nbsp;&nbsp;&nbsp;- bootstrap.css  
&nbsp;&nbsp;&nbsp;&nbsp;- bootstrap.css.map  
&nbsp;&nbsp;&nbsp;&nbsp;- bootstrap.min.css  
&nbsp;&nbsp;&nbsp;&nbsp;- custom_style.css
&nbsp;&nbsp;- db_con/
&nbsp;&nbsp;&nbsp;&nbsp;- con.php
&nbsp;&nbsp;&nbsp;&nbsp;- val.php
&nbsp;&nbsp;- Export/
&nbsp;&nbsp;&nbsp;&nbsp;- data.txt
&nbsp;&nbsp;&nbsp;&nbsp;- data.csv
&nbsp;&nbsp;&nbsp;&nbsp;- dataoutput.csv
&nbsp;&nbsp;- files/
&nbsp;&nbsp;&nbsp;&nbsp;- FontAwesome/
&nbsp;&nbsp;&nbsp;&nbsp;&nbsp;&nbsp;- css/
&nbsp;&nbsp;&nbsp;&nbsp;&nbsp;&nbsp;&nbsp;&nbsp;- font-awesome.css  
&nbsp;&nbsp;&nbsp;&nbsp;&nbsp;&nbsp;&nbsp;&nbsp;- font-awesome.min.css
&nbsp;&nbsp;&nbsp;&nbsp;&nbsp;&nbsp;- fonts/  
&nbsp;&nbsp;&nbsp;&nbsp;&nbsp;&nbsp;&nbsp;&nbsp;- FontAwesome.otf  
&nbsp;&nbsp;&nbsp;&nbsp;&nbsp;&nbsp;&nbsp;&nbsp;- fontawesome-webfont.eot  
&nbsp;&nbsp;&nbsp;&nbsp;&nbsp;&nbsp;&nbsp;&nbsp;- fontawesome-webfont.svg  
&nbsp;&nbsp;&nbsp;&nbsp;&nbsp;&nbsp;&nbsp;&nbsp;- fontawesome-webfont.ttf  
&nbsp;&nbsp;&nbsp;&nbsp;&nbsp;&nbsp;&nbsp;&nbsp;- fontawesome-webfont.woff  
&nbsp;&nbsp;&nbsp;&nbsp;&nbsp;&nbsp;&nbsp;&nbsp;- fontawesome-webfont.woff2
&nbsp;&nbsp;&nbsp;&nbsp;&nbsp;&nbsp;- less/  
&nbsp;&nbsp;&nbsp;&nbsp;&nbsp;&nbsp;&nbsp;&nbsp;- animated.less&nbsp;&nbsp;&nbsp;&nbsp; 
&nbsp;&nbsp;&nbsp;&nbsp;&nbsp;&nbsp;&nbsp;&nbsp;- core.less&nbsp;&nbsp;&nbsp;&nbsp; 
&nbsp;&nbsp;&nbsp;&nbsp;&nbsp;&nbsp;&nbsp;&nbsp;- font-awesome.less  
&nbsp;&nbsp;&nbsp;&nbsp;&nbsp;&nbsp;&nbsp;&nbsp;- larger.less  
&nbsp;&nbsp;&nbsp;&nbsp;&nbsp;&nbsp;&nbsp;&nbsp;- mixins.less  
&nbsp;&nbsp;&nbsp;&nbsp;&nbsp;&nbsp;&nbsp;&nbsp;- rotated-flipped.less  
&nbsp;&nbsp;&nbsp;&nbsp;&nbsp;&nbsp;&nbsp;&nbsp;- variables.less
&nbsp;&nbsp;&nbsp;&nbsp;&nbsp;&nbsp;&nbsp;&nbsp;- bordered-pulled.less  
&nbsp;&nbsp;&nbsp;&nbsp;&nbsp;&nbsp;&nbsp;&nbsp;- fixed-width.less  
&nbsp;&nbsp;&nbsp;&nbsp;&nbsp;&nbsp;&nbsp;&nbsp;- icons.less&nbsp;&nbsp;&nbsp;&nbsp; 
&nbsp;&nbsp;&nbsp;&nbsp;&nbsp;&nbsp;&nbsp;&nbsp;- list.less&nbsp;&nbsp;
&nbsp;&nbsp;&nbsp;&nbsp;&nbsp;&nbsp;&nbsp;&nbsp;- path.less&nbsp;&nbsp;
&nbsp;&nbsp;&nbsp;&nbsp;&nbsp;&nbsp;&nbsp;&nbsp;- stacked.less
&nbsp;&nbsp;&nbsp;&nbsp;&nbsp;&nbsp;- scss/
&nbsp;&nbsp;&nbsp;&nbsp;&nbsp;&nbsp;&nbsp;&nbsp;- _animated.scss&nbsp;&nbsp;&nbsp;&nbsp;
&nbsp;&nbsp;&nbsp;&nbsp;&nbsp;&nbsp;&nbsp;&nbsp;- _core.scss&nbsp;&nbsp;&nbsp;&nbsp; 
&nbsp;&nbsp;&nbsp;&nbsp;&nbsp;&nbsp;&nbsp;&nbsp;- _icons.scss   
&nbsp;&nbsp;&nbsp;&nbsp;&nbsp;&nbsp;&nbsp;&nbsp;- _list.scss&nbsp;&nbsp;
&nbsp;&nbsp;&nbsp;&nbsp;&nbsp;&nbsp;&nbsp;&nbsp;- _path.scss&nbsp;&nbsp;&nbsp;&nbsp;&nbsp;&nbsp; 
&nbsp;&nbsp;&nbsp;&nbsp;&nbsp;&nbsp;&nbsp;&nbsp;- _stacked.scss&nbsp;&nbsp;
&nbsp;&nbsp;&nbsp;&nbsp;&nbsp;&nbsp;&nbsp;&nbsp;- font-awesome.scss
&nbsp;&nbsp;&nbsp;&nbsp;&nbsp;&nbsp;&nbsp;&nbsp;- _bordered-pulled.scss 
&nbsp;&nbsp;&nbsp;&nbsp;&nbsp;&nbsp;&nbsp;&nbsp;- _fixed-width.scss  
&nbsp;&nbsp;&nbsp;&nbsp;&nbsp;&nbsp;&nbsp;&nbsp;- _larger.scss  
&nbsp;&nbsp;&nbsp;&nbsp;&nbsp;&nbsp;&nbsp;&nbsp;- _mixins.scss  
&nbsp;&nbsp;&nbsp;&nbsp;&nbsp;&nbsp;&nbsp;&nbsp;- _rotated-flipped.scss  
&nbsp;&nbsp;&nbsp;&nbsp;&nbsp;&nbsp;&nbsp;&nbsp;- _variables.scss
&nbsp;&nbsp;&nbsp;&nbsp;- check.php&nbsp;&nbsp;&nbsp;&nbsp;
&nbsp;&nbsp;&nbsp;&nbsp;- export.php&nbsp;&nbsp;  
&nbsp;&nbsp;&nbsp;&nbsp;- footer.php  
&nbsp;&nbsp;&nbsp;&nbsp;- formdelete.php  
&nbsp;&nbsp;&nbsp;&nbsp;- heading.php  
&nbsp;&nbsp;&nbsp;&nbsp;- import_form.php  
&nbsp;&nbsp;&nbsp;&nbsp;- links.php  
&nbsp;&nbsp;&nbsp;&nbsp;- php.ini&nbsp;&nbsp; 
&nbsp;&nbsp;&nbsp;&nbsp;- table.php
&nbsp;&nbsp;&nbsp;&nbsp;- add_log.php   
&nbsp;&nbsp;&nbsp;&nbsp;- deletefiles.php  
&nbsp;&nbsp;&nbsp;&nbsp;- export_doc.php  
&nbsp;&nbsp;&nbsp;&nbsp;- form.php&nbsp;&nbsp;
&nbsp;&nbsp;&nbsp;&nbsp;- formedit.php&nbsp;&nbsp;
&nbsp;&nbsp;&nbsp;&nbsp;- import.php   
&nbsp;&nbsp;&nbsp;&nbsp;- index.php&nbsp;&nbsp;&nbsp;&nbsp;
&nbsp;&nbsp;&nbsp;&nbsp;- menu.php   
&nbsp;&nbsp;&nbsp;&nbsp;- secure.php
&nbsp;&nbsp;- fonts/
&nbsp;&nbsp;&nbsp;&nbsp;- glyphicons-halflings-regular.eot
&nbsp;&nbsp;&nbsp;&nbsp;- glyphicons-halflings-regular.svg
&nbsp;&nbsp;&nbsp;&nbsp;- glyphicons-halflings-regular.ttf
&nbsp;&nbsp;&nbsp;&nbsp;- glyphicons-halflings-regular.woff
&nbsp;&nbsp;&nbsp;&nbsp;- glyphicons-halflings-regular.woff2
&nbsp;&nbsp;&nbsp;&nbsp;- helvetica.php
&nbsp;&nbsp;&nbsp;&nbsp;- helveticab.php
&nbsp;&nbsp;&nbsp;&nbsp;- helveticabi.php
&nbsp;&nbsp;&nbsp;&nbsp;- helveticai.php
&nbsp;&nbsp;- images/
&nbsp;&nbsp;&nbsp;&nbsp;- fav.png
&nbsp;&nbsp;- install/
&nbsp;&nbsp;&nbsp;&nbsp;- index.php
&nbsp;&nbsp;&nbsp;&nbsp;- install_db.php
&nbsp;&nbsp;- js/
&nbsp;&nbsp;&nbsp;&nbsp;- bootstrap.js
&nbsp;&nbsp;&nbsp;&nbsp;- bootstrap.min.js
&nbsp;&nbsp;&nbsp;&nbsp;- index.js
&nbsp;&nbsp;- changelog.log
&nbsp;&nbsp;- php_errors.log
&nbsp;&nbsp;- readme.important
&nbsp;&nbsp;- sitemap.map