*logboek/
&nbsp;&nbsp;- ckeditor/
&nbsp;&nbsp;&nbsp;&nbsp;- adapters/
&nbsp;&nbsp;&nbsp;&nbsp;&nbsp;&nbsp;- jquery.js
&nbsp;&nbsp;&nbsp;&nbsp;- lang/
&nbsp;&nbsp;&nbsp;&nbsp;&nbsp;&nbsp;- af.js
&nbsp;&nbsp;&nbsp;&nbsp;&nbsp;&nbsp;- ar.js
&nbsp;&nbsp;&nbsp;&nbsp;&nbsp;&nbsp;- bg.js
&nbsp;&nbsp;&nbsp;&nbsp;&nbsp;&nbsp;- bn.js
&nbsp;&nbsp;&nbsp;&nbsp;&nbsp;&nbsp;- bs.js
&nbsp;&nbsp;&nbsp;&nbsp;&nbsp;&nbsp;- ca.js	
&nbsp;&nbsp;&nbsp;&nbsp;&nbsp;&nbsp;- cs.js
&nbsp;&nbsp;&nbsp;&nbsp;&nbsp;&nbsp;- cy.js	
&nbsp;&nbsp;&nbsp;&nbsp;&nbsp;&nbsp;- da.js	
&nbsp;&nbsp;&nbsp;&nbsp;&nbsp;&nbsp;- de.js
&nbsp;&nbsp;&nbsp;&nbsp;&nbsp;&nbsp;- el.js
&nbsp;&nbsp;&nbsp;&nbsp;&nbsp;&nbsp;- en-au.js
&nbsp;&nbsp;&nbsp;&nbsp;&nbsp;&nbsp;- en-ca.js
&nbsp;&nbsp;&nbsp;&nbsp;&nbsp;&nbsp;- en-gb.js
&nbsp;&nbsp;&nbsp;&nbsp;&nbsp;&nbsp;- en.js
&nbsp;&nbsp;&nbsp;&nbsp;&nbsp;&nbsp;- eo.js	
&nbsp;&nbsp;&nbsp;&nbsp;&nbsp;&nbsp;- es.js	
&nbsp;&nbsp;&nbsp;&nbsp;&nbsp;&nbsp;- et.js	
&nbsp;&nbsp;&nbsp;&nbsp;&nbsp;&nbsp;- eu.js	
&nbsp;&nbsp;&nbsp;&nbsp;&nbsp;&nbsp;- fa.js
&nbsp;&nbsp;&nbsp;&nbsp;&nbsp;&nbsp;- fi.js	
&nbsp;&nbsp;&nbsp;&nbsp;&nbsp;&nbsp;- fo.js	
&nbsp;&nbsp;&nbsp;&nbsp;&nbsp;&nbsp;- fr-ca.js	
&nbsp;&nbsp;&nbsp;&nbsp;&nbsp;&nbsp;- fr.js	
&nbsp;&nbsp;&nbsp;&nbsp;&nbsp;&nbsp;- gl.js	
&nbsp;&nbsp;&nbsp;&nbsp;&nbsp;&nbsp;- gu.js	
&nbsp;&nbsp;&nbsp;&nbsp;&nbsp;&nbsp;- he.js	
&nbsp;&nbsp;&nbsp;&nbsp;&nbsp;&nbsp;- hi.js	
&nbsp;&nbsp;&nbsp;&nbsp;&nbsp;&nbsp;- hr.js	
&nbsp;&nbsp;&nbsp;&nbsp;&nbsp;&nbsp;- hu.js	
&nbsp;&nbsp;&nbsp;&nbsp;&nbsp;&nbsp;- id.js	
&nbsp;&nbsp;&nbsp;&nbsp;&nbsp;&nbsp;- is.js	
&nbsp;&nbsp;&nbsp;&nbsp;&nbsp;&nbsp;- it.js	
&nbsp;&nbsp;&nbsp;&nbsp;&nbsp;&nbsp;- ja.js
&nbsp;&nbsp;&nbsp;&nbsp;&nbsp;&nbsp;- a.js
&nbsp;&nbsp;&nbsp;&nbsp;&nbsp;&nbsp;- m.js
&nbsp;&nbsp;&nbsp;&nbsp;&nbsp;&nbsp;- o.js	
&nbsp;&nbsp;&nbsp;&nbsp;&nbsp;&nbsp;- u.js
&nbsp;&nbsp;&nbsp;&nbsp;&nbsp;&nbsp;- lt.js
&nbsp;&nbsp;&nbsp;&nbsp;&nbsp;&nbsp;- lv.js
&nbsp;&nbsp;&nbsp;&nbsp;&nbsp;&nbsp;- m.js	
&nbsp;&nbsp;&nbsp;&nbsp;&nbsp;&nbsp;- mn.js
&nbsp;&nbsp;&nbsp;&nbsp;&nbsp;&nbsp;- ms.js	
&nbsp;&nbsp;&nbsp;&nbsp;&nbsp;&nbsp;- nb.js	
&nbsp;&nbsp;&nbsp;&nbsp;&nbsp;&nbsp;- nl.js	
&nbsp;&nbsp;&nbsp;&nbsp;&nbsp;&nbsp;- no.js	
&nbsp;&nbsp;&nbsp;&nbsp;&nbsp;&nbsp;- pl.js	
&nbsp;&nbsp;&nbsp;&nbsp;&nbsp;&nbsp;- pt-br.js
&nbsp;&nbsp;&nbsp;&nbsp;&nbsp;&nbsp;- pt.js
&nbsp;&nbsp;&nbsp;&nbsp;&nbsp;&nbsp;- ro.js
&nbsp;&nbsp;&nbsp;&nbsp;&nbsp;&nbsp;- ru.js
&nbsp;&nbsp;&nbsp;&nbsp;&nbsp;&nbsp;- si.js
&nbsp;&nbsp;&nbsp;&nbsp;&nbsp;&nbsp;- s.js
&nbsp;&nbsp;&nbsp;&nbsp;&nbsp;&nbsp;- sl.js
&nbsp;&nbsp;&nbsp;&nbsp;&nbsp;&nbsp;- sq.js
&nbsp;&nbsp;&nbsp;&nbsp;&nbsp;&nbsp;- sr-latn.js
&nbsp;&nbsp;&nbsp;&nbsp;&nbsp;&nbsp;- sr.js
&nbsp;&nbsp;&nbsp;&nbsp;&nbsp;&nbsp;- sv.js	
&nbsp;&nbsp;&nbsp;&nbsp;&nbsp;&nbsp;- th.js		
&nbsp;&nbsp;&nbsp;&nbsp;&nbsp;&nbsp;- tr.js
&nbsp;&nbsp;&nbsp;&nbsp;&nbsp;&nbsp;- tt.js
&nbsp;&nbsp;&nbsp;&nbsp;&nbsp;&nbsp;- ug.js
&nbsp;&nbsp;&nbsp;&nbsp;&nbsp;&nbsp;- u.js
&nbsp;&nbsp;&nbsp;&nbsp;&nbsp;&nbsp;- vi.js
&nbsp;&nbsp;&nbsp;&nbsp;&nbsp;&nbsp;- zh-cn.js
&nbsp;&nbsp;&nbsp;&nbsp;&nbsp;&nbsp;- zh.js
&nbsp;&nbsp;&nbsp;&nbsp;- plugins/
&nbsp;&nbsp;&nbsp;&nbsp;&nbsp;&nbsp;- about/
&nbsp;&nbsp;&nbsp;&nbsp;&nbsp;&nbsp;&nbsp;&nbsp;- dialogs/
&nbsp;&nbsp;&nbsp;&nbsp;&nbsp;&nbsp;&nbsp;&nbsp;&nbsp;&nbsp;- hipdi/
&nbsp;&nbsp;&nbsp;&nbsp;&nbsp;&nbsp;&nbsp;&nbsp;&nbsp;&nbsp;&nbsp;&nbsp;- logo_ckeditor.png
&nbsp;&nbsp;&nbsp;&nbsp;&nbsp;&nbsp;&nbsp;&nbsp;&nbsp;&nbsp;- about.js
&nbsp;&nbsp;&nbsp;&nbsp;&nbsp;&nbsp;&nbsp;&nbsp;&nbsp;&nbsp;- logo_ckeditor.png
&nbsp;&nbsp;&nbsp;&nbsp;&nbsp;&nbsp;- clipboard/
&nbsp;&nbsp;&nbsp;&nbsp;&nbsp;&nbsp;&nbsp;&nbsp;- dialogs/
&nbsp;&nbsp;&nbsp;&nbsp;&nbsp;&nbsp;&nbsp;&nbsp;&nbsp;&nbsp;- paste.js
&nbsp;&nbsp;&nbsp;&nbsp;&nbsp;&nbsp;- dialog/
&nbsp;&nbsp;&nbsp;&nbsp;&nbsp;&nbsp;&nbsp;&nbsp;- dialogDefinition.js
&nbsp;&nbsp;&nbsp;&nbsp;&nbsp;&nbsp;- link/
&nbsp;&nbsp;&nbsp;&nbsp;&nbsp;&nbsp;&nbsp;&nbsp;- dialogs/
&nbsp;&nbsp;&nbsp;&nbsp;&nbsp;&nbsp;&nbsp;&nbsp;&nbsp;&nbsp;- anchor.js
&nbsp;&nbsp;&nbsp;&nbsp;&nbsp;&nbsp;&nbsp;&nbsp;&nbsp;&nbsp;- link.js
&nbsp;&nbsp;&nbsp;&nbsp;&nbsp;&nbsp;&nbsp;&nbsp;- images/
&nbsp;&nbsp;&nbsp;&nbsp;&nbsp;&nbsp;&nbsp;&nbsp;&nbsp;&nbsp;- hidpi/
&nbsp;&nbsp;&nbsp;&nbsp;&nbsp;&nbsp;&nbsp;&nbsp;&nbsp;&nbsp;&nbsp;&nbsp;- anchor.png
&nbsp;&nbsp;&nbsp;&nbsp;&nbsp;&nbsp;&nbsp;&nbsp;&nbsp;&nbsp;- anchor.png
&nbsp;&nbsp;&nbsp;&nbsp;&nbsp;&nbsp;- icons.png
&nbsp;&nbsp;&nbsp;&nbsp;&nbsp;&nbsp;- icons_hipdi.png
&nbsp;&nbsp;&nbsp;&nbsp;- skins/
&nbsp;&nbsp;&nbsp;&nbsp;&nbsp;&nbsp;- moono/
&nbsp;&nbsp;&nbsp;&nbsp;&nbsp;&nbsp;&nbsp;&nbsp;- images/
&nbsp;&nbsp;&nbsp;&nbsp;&nbsp;&nbsp;&nbsp;&nbsp;&nbsp;&nbsp;- hidpi/
&nbsp;&nbsp;&nbsp;&nbsp;&nbsp;&nbsp;&nbsp;&nbsp;&nbsp;&nbsp;&nbsp;&nbsp;- close.png
&nbsp;&nbsp;&nbsp;&nbsp;&nbsp;&nbsp;&nbsp;&nbsp;&nbsp;&nbsp;&nbsp;&nbsp;- lock-open.png
&nbsp;&nbsp;&nbsp;&nbsp;&nbsp;&nbsp;&nbsp;&nbsp;&nbsp;&nbsp;&nbsp;&nbsp;- lock.png
&nbsp;&nbsp;&nbsp;&nbsp;&nbsp;&nbsp;&nbsp;&nbsp;&nbsp;&nbsp;&nbsp;&nbsp;- refresh.png
&nbsp;&nbsp;&nbsp;&nbsp;&nbsp;&nbsp;&nbsp;&nbsp;&nbsp;&nbsp;- arrow.png
&nbsp;&nbsp;&nbsp;&nbsp;&nbsp;&nbsp;&nbsp;&nbsp;&nbsp;&nbsp;- close.png
&nbsp;&nbsp;&nbsp;&nbsp;&nbsp;&nbsp;&nbsp;&nbsp;&nbsp;&nbsp;- lock-open.png
&nbsp;&nbsp;&nbsp;&nbsp;&nbsp;&nbsp;&nbsp;&nbsp;&nbsp;&nbsp;- lock.png
&nbsp;&nbsp;&nbsp;&nbsp;&nbsp;&nbsp;&nbsp;&nbsp;&nbsp;&nbsp;- refresh.png
&nbsp;&nbsp;&nbsp;&nbsp;&nbsp;&nbsp;&nbsp;&nbsp;&nbsp;&nbsp;- spinner.gif
&nbsp;&nbsp;&nbsp;&nbsp;&nbsp;&nbsp;&nbsp;&nbsp;- dialog.css
&nbsp;&nbsp;&nbsp;&nbsp;&nbsp;&nbsp;&nbsp;&nbsp;- dialog_ie.css
&nbsp;&nbsp;&nbsp;&nbsp;&nbsp;&nbsp;&nbsp;&nbsp;- dialog_ie7.css
&nbsp;&nbsp;&nbsp;&nbsp;&nbsp;&nbsp;&nbsp;&nbsp;- dialog_ie8.css
&nbsp;&nbsp;&nbsp;&nbsp;&nbsp;&nbsp;&nbsp;&nbsp;- dialog_iequirks.css
&nbsp;&nbsp;&nbsp;&nbsp;&nbsp;&nbsp;&nbsp;&nbsp;- editor.css
&nbsp;&nbsp;&nbsp;&nbsp;&nbsp;&nbsp;&nbsp;&nbsp;- editor_gecko.css
&nbsp;&nbsp;&nbsp;&nbsp;&nbsp;&nbsp;&nbsp;&nbsp;- editor_ie.css
&nbsp;&nbsp;&nbsp;&nbsp;&nbsp;&nbsp;&nbsp;&nbsp;- editor_ie7.css
&nbsp;&nbsp;&nbsp;&nbsp;&nbsp;&nbsp;&nbsp;&nbsp;- editor_ie8.css
&nbsp;&nbsp;&nbsp;&nbsp;&nbsp;&nbsp;&nbsp;&nbsp;- editor_iequirks.css
&nbsp;&nbsp;&nbsp;&nbsp;&nbsp;&nbsp;&nbsp;&nbsp;- icons.png
&nbsp;&nbsp;&nbsp;&nbsp;&nbsp;&nbsp;&nbsp;&nbsp;- icons_hidpi.png
&nbsp;&nbsp;&nbsp;&nbsp;&nbsp;&nbsp;&nbsp;&nbsp;- readme.md
&nbsp;&nbsp;&nbsp;&nbsp;- build-config.js
&nbsp;&nbsp;&nbsp;&nbsp;- ckeditor.js
&nbsp;&nbsp;&nbsp;&nbsp;- config.js
&nbsp;&nbsp;&nbsp;&nbsp;- contents.css
&nbsp;&nbsp;&nbsp;&nbsp;- styles.js
